[2025-05-22 23:04:09] === New Login Request ===
[2025-05-22 23:04:09] Request Method: POST
[2025-05-22 23:04:09] User Agent: Mozilla/5.0 (iPhone; CPU iPhone OS 18_5 like Mac OS X) AppleWebKit/605.1.15 (KHTML, like Gecko) Version/18.5 Mobile/15E148 Safari/604.1
[2025-05-22 23:04:09] Remote IP: 172.20.10.1
[2025-05-22 23:04:09] Request URI: /skl-project/raspberry_pi/web/backend/php/login-process.php
[2025-05-22 23:04:09] Session ID: ii3a4keufk398gmeildj6ffp9n
[2025-05-22 23:04:09] POST Data Received:
[2025-05-22 23:04:09] Username: admin
[2025-05-22 23:04:09] Password field: SET (hidden)
[2025-05-22 23:04:09] All POST fields: username, password
[2025-05-22 23:04:09] Processing login for username: admin
[2025-05-22 23:04:09] Query executed. Rows found: 1
[2025-05-22 23:04:09] User found. Role: 1
[2025-05-22 23:04:09] Password verification result: TRUE
[2025-05-22 23:04:09] Login successful! Session data set.
[2025-05-22 23:04:09] Session username: admin
[2025-05-22 23:04:09] Session admin: 1
[2025-05-22 23:04:09] Final session status: Active
[2025-05-22 23:04:09] === End of Request ===

[2025-05-22 23:09:53] === New Login Request ===
[2025-05-22 23:09:53] Request Method: POST
[2025-05-22 23:09:53] User Agent: Mozilla/5.0 (iPhone; CPU iPhone OS 18_5 like Mac OS X) AppleWebKit/605.1.15 (KHTML, like Gecko) Version/18.5 Mobile/15E148 Safari/604.1
[2025-05-22 23:09:53] Remote IP: 172.20.10.1
[2025-05-22 23:09:53] Request URI: /skl-project/raspberry_pi/web/backend/php/login-process.php
[2025-05-22 23:09:53] Session ID: sd8l165ukh4gst4v0rt3cvel82
[2025-05-22 23:09:53] POST Data Received:
[2025-05-22 23:09:53] Username: admin
[2025-05-22 23:09:53] Password field: SET (hidden)
[2025-05-22 23:09:53] All POST fields: username, password
[2025-05-22 23:09:53] Processing login for username: admin
[2025-05-22 23:09:53] Query executed. Rows found: 1
[2025-05-22 23:09:53] User found. Role: 1
[2025-05-22 23:09:53] Password verification result: FALSE
[2025-05-22 23:09:53] Login failed: Invalid password
[2025-05-22 23:09:53] Final session status: Not active
[2025-05-22 23:09:53] === End of Request ===

